#-----------------------------------------------------------
# Vivado v2022.2 (64-bit)
# SW Build 3671981 on Fri Oct 14 05:00:03 MDT 2022
# IP Build 3669848 on Fri Oct 14 08:30:02 MDT 2022
# Start of session at: Thu Jun 11 21:26:26 2026
# Process ID: 10540
# Current directory: D:/verilog_project/p_bit_kinggraph_new/github_upload_pbit_kinggraph/vivado_project
# Command line: vivado.exe -gui_launcher_event rodinguilauncherevent6064 D:\verilog_project\p_bit_kinggraph_new\github_upload_pbit_kinggraph\vivado_project\p_bit_kinggraph_new.xpr
# Log file: D:/verilog_project/p_bit_kinggraph_new/github_upload_pbit_kinggraph/vivado_project/vivado.log
# Journal file: D:/verilog_project/p_bit_kinggraph_new/github_upload_pbit_kinggraph/vivado_project\vivado.jou
# Running On: DESKTOP-8TDBED2, OS: Windows, CPU Frequency: 2496 MHz, CPU Physical cores: 8, Host memory: 16887 MB
#-----------------------------------------------------------
start_gui
open_project D:/verilog_project/p_bit_kinggraph_new/github_upload_pbit_kinggraph/vivado_project/p_bit_kinggraph_new.xpr
WARNING: [Board 49-26] cannot add Board Part xilinx.com:vck190:part0:2.2 available at D:/Xilinx/Vivado/2022.2/data/xhub/boards/XilinxBoardStore/boards/Xilinx/vck190/production/2.2/board.xml as part xcvc1902-vsva2197-2mp-e-s specified in board_part file is either invalid or not available
WARNING: [Board 49-26] cannot add Board Part xilinx.com:vck190:part0:3.0 available at D:/Xilinx/Vivado/2022.2/data/xhub/boards/XilinxBoardStore/boards/Xilinx/vck190/production/3.0/board.xml as part xcvc1902-vsva2197-2mp-e-s specified in board_part file is either invalid or not available
WARNING: [Board 49-26] cannot add Board Part xilinx.com:vck190:part0:3.1 available at D:/Xilinx/Vivado/2022.2/data/xhub/boards/XilinxBoardStore/boards/Xilinx/vck190/production/3.1/board.xml as part xcvc1902-vsva2197-2mp-e-s specified in board_part file is either invalid or not available
WARNING: [Board 49-26] cannot add Board Part xilinx.com:vck190_newl:part0:1.0 available at D:/Xilinx/Vivado/2022.2/data/xhub/boards/XilinxBoardStore/boards/Xilinx/vck190_newl/production/1.0/board.xml as part xcvc1902-vsva2197-2mp-e-s specified in board_part file is either invalid or not available
WARNING: [Board 49-26] cannot add Board Part xilinx.com:vek280_es:part0:1.0 available at D:/Xilinx/Vivado/2022.2/data/xhub/boards/XilinxBoardStore/boards/Xilinx/vek280/es/1.0/board.xml as part xcve2802-vsvh1760-2lp-e-s-es1 specified in board_part file is either invalid or not available
WARNING: [Board 49-26] cannot add Board Part xilinx.com:vhk158_es:part0:1.0 available at D:/Xilinx/Vivado/2022.2/data/xhub/boards/XilinxBoardStore/boards/Xilinx/vhk158/es/1.0/board.xml as part xcvh1582-vsva3697-2mp-e-s-es1 specified in board_part file is either invalid or not available
WARNING: [Board 49-26] cannot add Board Part xilinx.com:vmk180:part0:2.2 available at D:/Xilinx/Vivado/2022.2/data/xhub/boards/XilinxBoardStore/boards/Xilinx/vmk180/production/2.2/board.xml as part xcvm1802-vsva2197-2mp-e-s specified in board_part file is either invalid or not available
WARNING: [Board 49-26] cannot add Board Part xilinx.com:vmk180:part0:3.0 available at D:/Xilinx/Vivado/2022.2/data/xhub/boards/XilinxBoardStore/boards/Xilinx/vmk180/production/3.0/board.xml as part xcvm1802-vsva2197-2mp-e-s specified in board_part file is either invalid or not available
WARNING: [Board 49-26] cannot add Board Part xilinx.com:vmk180:part0:3.1 available at D:/Xilinx/Vivado/2022.2/data/xhub/boards/XilinxBoardStore/boards/Xilinx/vmk180/production/3.1/board.xml as part xcvm1802-vsva2197-2mp-e-s specified in board_part file is either invalid or not available
WARNING: [Board 49-26] cannot add Board Part xilinx.com:vmk180_newl:part0:1.0 available at D:/Xilinx/Vivado/2022.2/data/xhub/boards/XilinxBoardStore/boards/Xilinx/vmk180_newl/production/1.0/board.xml as part xcvm1802-vsva2197-2mp-e-s specified in board_part file is either invalid or not available
WARNING: [Board 49-26] cannot add Board Part xilinx.com:vpk120:part0:1.0 available at D:/Xilinx/Vivado/2022.2/data/xhub/boards/XilinxBoardStore/boards/Xilinx/vpk120/production/1.0/board.xml as part xcvp1202-vsva2785-2mp-e-s specified in board_part file is either invalid or not available
WARNING: [Board 49-26] cannot add Board Part xilinx.com:vpk120_es:part0:1.2 available at D:/Xilinx/Vivado/2022.2/data/xhub/boards/XilinxBoardStore/boards/Xilinx/vpk120/es/1.2/board.xml as part xcvp1202-vsva2785-2mp-e-s-es1 specified in board_part file is either invalid or not available
WARNING: [Board 49-26] cannot add Board Part xilinx.com:vpk120_es_revb:part0:1.0 available at D:/Xilinx/Vivado/2022.2/data/xhub/boards/XilinxBoardStore/boards/Xilinx/vpk120_revb/es/1.0/board.xml as part xcvp1202-vsva2785-2mp-e-s-es1 specified in board_part file is either invalid or not available
WARNING: [Board 49-26] cannot add Board Part xilinx.com:vpk180_es:part0:1.0 available at D:/Xilinx/Vivado/2022.2/data/xhub/boards/XilinxBoardStore/boards/Xilinx/vpk180/es/1.0/board.xml as part xcvp1802-lsvc4072-2mp-e-s-es1 specified in board_part file is either invalid or not available
WARNING: [Board 49-26] cannot add Board Part xilinx.com:zcu208ld:part0:2.0 available at D:/Xilinx/Vivado/2022.2/data/xhub/boards/XilinxBoardStore/boards/Xilinx/zcu208ld/production/2.0/board.xml as part xczu58dr-fsvg1517-2-i specified in board_part file is either invalid or not available
WARNING: [Board 49-26] cannot add Board Part xilinx.com:zcu216ld:part0:2.0 available at D:/Xilinx/Vivado/2022.2/data/xhub/boards/XilinxBoardStore/boards/Xilinx/zcu216ld/production/2.0/board.xml as part xczu59dr-ffvf1760-2-i specified in board_part file is either invalid or not available
WARNING: [Board 49-26] cannot add Board Part xilinx.com:zcu670:part0:2.0 available at D:/Xilinx/Vivado/2022.2/data/xhub/boards/XilinxBoardStore/boards/Xilinx/zcu670/2.0/board.xml as part xczu67dr-fsve1156-2-i specified in board_part file is either invalid or not available
WARNING: [Board 49-26] cannot add Board Part xilinx.com:zcu670ld:part0:1.0 available at D:/Xilinx/Vivado/2022.2/data/xhub/boards/XilinxBoardStore/boards/Xilinx/zcu670ld/1.0/board.xml as part xczu57dr-fsve1156-2-i specified in board_part file is either invalid or not available
INFO: [Project 1-313] Project file moved from 'D:/verilog_project/p_bit_kinggraph_new' since last save.
INFO: [filemgmt 56-3] Default IP Output Path : Could not find the directory 'D:/verilog_project/p_bit_kinggraph_new/github_upload_pbit_kinggraph/vivado_project/p_bit_kinggraph_new.gen/sources_1'.
WARNING: [filemgmt 56-3] IPUserFilesDir: Could not find the directory 'D:/verilog_project/p_bit_kinggraph_new/github_upload_pbit_kinggraph/vivado_project/p_bit_kinggraph_new.ip_user_files'.
WARNING: [Project 1-312] File not found as 'D:/verilog_project/p_bit_kinggraph_new/github_upload_pbit_kinggraph/vivado_project/p_bit_kinggraph_new.srcs/sources_1/imports/RTL/UART_RX.v'; using path 'D:/verilog_project/p_bit_kinggraph_new/p_bit_kinggraph_new.srcs/sources_1/imports/RTL/UART_RX.v' instead.
WARNING: [Project 1-312] File not found as 'D:/verilog_project/p_bit_kinggraph_new/github_upload_pbit_kinggraph/vivado_project/p_bit_kinggraph_new.srcs/sources_1/imports/RTL/UART_TX.v'; using path 'D:/verilog_project/p_bit_kinggraph_new/p_bit_kinggraph_new.srcs/sources_1/imports/RTL/UART_TX.v' instead.
WARNING: [Project 1-312] File not found as 'D:/verilog_project/p_bit_kinggraph_new/github_upload_pbit_kinggraph/vivado_project/p_bit_kinggraph_new.srcs/sources_1/imports/RTL/edge_compare8_named.v'; using path 'D:/verilog_project/p_bit_kinggraph_new/p_bit_kinggraph_new.srcs/sources_1/imports/RTL/edge_compare8_named.v' instead.
WARNING: [Project 1-312] File not found as 'D:/verilog_project/p_bit_kinggraph_new/github_upload_pbit_kinggraph/vivado_project/p_bit_kinggraph_new.srcs/sources_1/imports/RTL/edge_prob_compare！！4.v'; using path 'D:/verilog_project/p_bit_kinggraph_new/p_bit_kinggraph_new.srcs/sources_1/imports/RTL/edge_prob_compare！！4.v' instead.
WARNING: [Project 1-312] File not found as 'D:/verilog_project/p_bit_kinggraph_new/github_upload_pbit_kinggraph/vivado_project/p_bit_kinggraph_new.srcs/sources_1/imports/RTL/edge_reg_coupler.v'; using path 'D:/verilog_project/p_bit_kinggraph_new/p_bit_kinggraph_new.srcs/sources_1/imports/RTL/edge_reg_coupler.v' instead.
WARNING: [Project 1-312] File not found as 'D:/verilog_project/p_bit_kinggraph_new/github_upload_pbit_kinggraph/vivado_project/p_bit_kinggraph_new.srcs/sources_1/imports/RTL/lfsr32_rng32.v'; using path 'D:/verilog_project/p_bit_kinggraph_new/p_bit_kinggraph_new.srcs/sources_1/imports/RTL/lfsr32_rng32.v' instead.
WARNING: [Project 1-312] File not found as 'D:/verilog_project/p_bit_kinggraph_new/github_upload_pbit_kinggraph/vivado_project/p_bit_kinggraph_new.srcs/sources_1/imports/RTL/majority_vote.v'; using path 'D:/verilog_project/p_bit_kinggraph_new/p_bit_kinggraph_new.srcs/sources_1/imports/RTL/majority_vote.v' instead.
WARNING: [Project 1-312] File not found as 'D:/verilog_project/p_bit_kinggraph_new/github_upload_pbit_kinggraph/vivado_project/p_bit_kinggraph_new.srcs/sources_1/imports/RTL/p_bit_node.v'; using path 'D:/verilog_project/p_bit_kinggraph_new/p_bit_kinggraph_new.srcs/sources_1/imports/RTL/p_bit_node.v' instead.
WARNING: [Project 1-312] File not found as 'D:/verilog_project/p_bit_kinggraph_new/github_upload_pbit_kinggraph/vivado_project/p_bit_kinggraph_new.srcs/sources_1/imports/RTL/p_bit_uart_cfg_bridge.v'; using path 'D:/verilog_project/p_bit_kinggraph_new/p_bit_kinggraph_new.srcs/sources_1/imports/RTL/p_bit_uart_cfg_bridge.v' instead.
WARNING: [Project 1-312] File not found as 'D:/verilog_project/p_bit_kinggraph_new/github_upload_pbit_kinggraph/vivado_project/p_bit_kinggraph_new.srcs/sources_1/imports/RTL/pbit_8edge_compute.v'; using path 'D:/verilog_project/p_bit_kinggraph_new/p_bit_kinggraph_new.srcs/sources_1/imports/RTL/pbit_8edge_compute.v' instead.
WARNING: [Project 1-312] File not found as 'D:/verilog_project/p_bit_kinggraph_new/github_upload_pbit_kinggraph/vivado_project/p_bit_kinggraph_new.srcs/sources_1/imports/RTL/pbit_edge_contrib2.v'; using path 'D:/verilog_project/p_bit_kinggraph_new/p_bit_kinggraph_new.srcs/sources_1/imports/RTL/pbit_edge_contrib2.v' instead.
WARNING: [Project 1-312] File not found as 'D:/verilog_project/p_bit_kinggraph_new/github_upload_pbit_kinggraph/vivado_project/p_bit_kinggraph_new.srcs/sources_1/imports/RTL/pbit_prob_compare16.v'; using path 'D:/verilog_project/p_bit_kinggraph_new/p_bit_kinggraph_new.srcs/sources_1/imports/RTL/pbit_prob_compare16.v' instead.
WARNING: [Project 1-312] File not found as 'D:/verilog_project/p_bit_kinggraph_new/github_upload_pbit_kinggraph/vivado_project/p_bit_kinggraph_new.srcs/sources_1/imports/RTL/pbit_rand16_extract.v'; using path 'D:/verilog_project/p_bit_kinggraph_new/p_bit_kinggraph_new.srcs/sources_1/imports/RTL/pbit_rand16_extract.v' instead.
WARNING: [Project 1-312] File not found as 'D:/verilog_project/p_bit_kinggraph_new/github_upload_pbit_kinggraph/vivado_project/p_bit_kinggraph_new.srcs/sources_1/imports/RTL/pbit_update_core.v'; using path 'D:/verilog_project/p_bit_kinggraph_new/p_bit_kinggraph_new.srcs/sources_1/imports/RTL/pbit_update_core.v' instead.
WARNING: [Project 1-312] File not found as 'D:/verilog_project/p_bit_kinggraph_new/github_upload_pbit_kinggraph/vivado_project/p_bit_kinggraph_new.srcs/sources_1/imports/RTL/phase_control_4color.v'; using path 'D:/verilog_project/p_bit_kinggraph_new/p_bit_kinggraph_new.srcs/sources_1/imports/RTL/phase_control_4color.v' instead.
WARNING: [Project 1-312] File not found as 'D:/verilog_project/p_bit_kinggraph_new/github_upload_pbit_kinggraph/vivado_project/p_bit_kinggraph_new.srcs/sources_1/imports/RTL/tanh_LUT.v'; using path 'D:/verilog_project/p_bit_kinggraph_new/p_bit_kinggraph_new.srcs/sources_1/imports/RTL/tanh_LUT.v' instead.
WARNING: [Project 1-312] File not found as 'D:/verilog_project/p_bit_kinggraph_new/github_upload_pbit_kinggraph/vivado_project/p_bit_kinggraph_new.srcs/sources_1/imports/RTL/p_bit_array_kings.sv'; using path 'D:/verilog_project/p_bit_kinggraph_new/p_bit_kinggraph_new.srcs/sources_1/imports/RTL/p_bit_array_kings.sv' instead.
WARNING: [Project 1-312] File not found as 'D:/verilog_project/p_bit_kinggraph_new/github_upload_pbit_kinggraph/vivado_project/p_bit_kinggraph_new.srcs/sources_1/imports/RTL/pbit_fpga_top_uart.sv'; using path 'D:/verilog_project/p_bit_kinggraph_new/p_bit_kinggraph_new.srcs/sources_1/imports/RTL/pbit_fpga_top_uart.sv' instead.
WARNING: [Project 1-312] File not found as 'D:/verilog_project/p_bit_kinggraph_new/github_upload_pbit_kinggraph/vivado_project/p_bit_kinggraph_new.srcs/sources_1/imports/new/AXKU042_PBIT_TOP.sv'; using path 'D:/verilog_project/p_bit_kinggraph_new/p_bit_kinggraph_new.srcs/sources_1/imports/new/AXKU042_PBIT_TOP.sv' instead.
WARNING: [Project 1-312] File not found as 'D:/verilog_project/p_bit_kinggraph_new/github_upload_pbit_kinggraph/vivado_project/p_bit_kinggraph_new.srcs/sim_1/new/tb_FPGA_uart.sv'; using path 'D:/verilog_project/p_bit_kinggraph_new/p_bit_kinggraph_new.srcs/sim_1/new/tb_FPGA_uart.sv' instead.
WARNING: [Project 1-312] File not found as 'D:/verilog_project/p_bit_kinggraph_new/github_upload_pbit_kinggraph/vivado_project/p_bit_kinggraph_new.srcs/sim_1/imports/sim/pbit_FPGA_top_uart.sv'; using path 'D:/verilog_project/p_bit_kinggraph_new/p_bit_kinggraph_new.srcs/sim_1/imports/sim/pbit_FPGA_top_uart.sv' instead.
WARNING: [Project 1-312] File not found as 'D:/verilog_project/p_bit_kinggraph_new/github_upload_pbit_kinggraph/vivado_project/p_bit_kinggraph_new.srcs/sim_1/imports/sim/tb_pbit_update_core.v'; using path 'D:/verilog_project/p_bit_kinggraph_new/p_bit_kinggraph_new.srcs/sim_1/imports/sim/tb_pbit_update_core.v' instead.
WARNING: [Project 1-312] File not found as 'D:/verilog_project/p_bit_kinggraph_new/github_upload_pbit_kinggraph/vivado_project/p_bit_kinggraph_new.srcs/sim_1/imports/sim/tb_tanh.v'; using path 'D:/verilog_project/p_bit_kinggraph_new/p_bit_kinggraph_new.srcs/sim_1/imports/sim/tb_tanh.v' instead.
WARNING: [Project 1-312] File not found as 'D:/verilog_project/p_bit_kinggraph_new/github_upload_pbit_kinggraph/vivado_project/p_bit_kinggraph_new.srcs/sim_1/imports/sim/tb_p_bit_array_kings_3_3_direction.sv'; using path 'D:/verilog_project/p_bit_kinggraph_new/p_bit_kinggraph_new.srcs/sim_1/imports/sim/tb_p_bit_array_kings_3_3_direction.sv' instead.
WARNING: [Project 1-312] File not found as 'D:/verilog_project/p_bit_kinggraph_new/github_upload_pbit_kinggraph/vivado_project/p_bit_kinggraph_new.srcs/sim_1/imports/sim/tb_p_bit_kings_3_3.sv'; using path 'D:/verilog_project/p_bit_kinggraph_new/p_bit_kinggraph_new.srcs/sim_1/imports/sim/tb_p_bit_kings_3_3.sv' instead.
WARNING: [Project 1-312] File not found as 'D:/verilog_project/p_bit_kinggraph_new/github_upload_pbit_kinggraph/vivado_project/p_bit_kinggraph_new.srcs/sim_1/imports/sim/tb_p_bit_kings_graph_19_19.sv'; using path 'D:/verilog_project/p_bit_kinggraph_new/p_bit_kinggraph_new.srcs/sim_1/imports/sim/tb_p_bit_kings_graph_19_19.sv' instead.
WARNING: [Project 1-312] File not found as 'D:/verilog_project/p_bit_kinggraph_new/github_upload_pbit_kinggraph/vivado_project/p_bit_kinggraph_new.srcs/sim_1/imports/sim/tb_pbit_kings_3-3.v'; using path 'D:/verilog_project/p_bit_kinggraph_new/p_bit_kinggraph_new.srcs/sim_1/imports/sim/tb_pbit_kings_3-3.v' instead.
Scanning sources...
Finished scanning sources
INFO: [IP_Flow 19-234] Refreshing IP repositories
INFO: [IP_Flow 19-1704] No user IP repositories specified
INFO: [IP_Flow 19-2313] Loaded Vivado IP repository 'D:/Xilinx/Vivado/2022.2/data/ip'.
open_project: Time (s): cpu = 00:00:19 ; elapsed = 00:00:14 . Memory (MB): peak = 1118.379 ; gain = 307.891
update_compile_order -fileset sources_1
exit
INFO: [Common 17-206] Exiting Vivado at Thu Jun 11 21:29:59 2026...
